Running: size=256, num_gpus=4, output=/home/ncardel/repos/mbirjax/experiments/sharding/recon_time_256x256x256_4gpu.txt

[93m ━━━━━━━━━━━ NOTICE: TomographyModel has been modified to support sharding! ━━━━━━━━━━━ [0m

/scratch/gautschi/ncardel/recon_mem/cone_256_256_256_projection_data.h5 already exists for 256, 256, 256 data

TEST PARAMS:
Transfer pixel batch size: 158247

GPU STARTING MEMORY STATS:
GPU 0
  bytes_in_use:        0.000GB
  peak_bytes_in_use:   0.125GB
  bytes_limit:        77.595GB
GPU 1
  bytes_in_use:        0.000GB
  peak_bytes_in_use:   0.000GB
  bytes_limit:        77.595GB
GPU 2
  bytes_in_use:        0.000GB
  peak_bytes_in_use:   0.000GB
  bytes_limit:        77.595GB
GPU 3
  bytes_in_use:        0.000GB
  peak_bytes_in_use:   0.000GB
  bytes_limit:        77.595GB
CPU
  bytes_in_use:        1.390GB
  peak_bytes_in_use:   1.391GB
  bytes_limit:       831.879GB

STARTING RECON FIRST PASS:
Starting FDK filtering
Starting FDK back projections
Done FDK recon

ELAPSED TIME: 45.492 seconds

GPU FINAL MEMORY STATS:
GPU 0
  bytes_in_use:        0.000GB
  peak_bytes_in_use:   8.141GB
  bytes_limit:        77.595GB
GPU 1
  bytes_in_use:        0.000GB
  peak_bytes_in_use:   8.141GB
  bytes_limit:        77.595GB
GPU 2
  bytes_in_use:        0.000GB
  peak_bytes_in_use:   8.141GB
  bytes_limit:        77.595GB
GPU 3
  bytes_in_use:        0.000GB
  peak_bytes_in_use:   8.141GB
  bytes_limit:        77.595GB
CPU
  bytes_in_use:        7.024GB
  peak_bytes_in_use:   7.024GB
  bytes_limit:       827.225GB
output_filepath: /home/ncardel/repos/mbirjax/experiments/sharding/recon_time_256x256x256_4gpu.txt
