Running: size=1536, num_gpus=2, output=/home/ncardel/repos/mbirjax/experiments/sharding/recon_time_1536x1536x1536_2gpu.txt

[93m ━━━━━━━━━━━ NOTICE: TomographyModel has been modified to support sharding! ━━━━━━━━━━━ [0m

/scratch/gautschi/ncardel/recon_mem/cone_1536_1536_1536_projection_data.h5 already exists for 1536, 1536, 1536 data

TEST PARAMS:
Transfer pixel batch size: 671

GPU STARTING MEMORY STATS:
GPU 0
  bytes_in_use:        0.000GB
  peak_bytes_in_use:   4.500GB
  bytes_limit:        77.595GB
GPU 1
  bytes_in_use:        0.000GB
  peak_bytes_in_use:   0.000GB
  bytes_limit:        77.595GB
CPU
  bytes_in_use:       28.516GB
  peak_bytes_in_use:  28.558GB
  bytes_limit:       858.977GB

STARTING RECON FIRST PASS:
Starting FDK filtering
Starting FDK back projections
Done FDK recon

ELAPSED TIME: 4147.826 seconds

GPU FINAL MEMORY STATS:
GPU 0
  bytes_in_use:        0.000GB
  peak_bytes_in_use:  60.879GB
  bytes_limit:        77.595GB
GPU 1
  bytes_in_use:        0.000GB
  peak_bytes_in_use:  60.750GB
  bytes_limit:        77.595GB
CPU
  bytes_in_use:       63.005GB
  peak_bytes_in_use:  63.019GB
  bytes_limit:       826.544GB
output_filepath: /home/ncardel/repos/mbirjax/experiments/sharding/recon_time_1536x1536x1536_2gpu.txt
