Running: size=1792, num_gpus=2, output=/home/ncardel/repos/mbirjax/experiments/sharding/recon_time_1792x1792x1792_2gpu.txt

[93m ━━━━━━━━━━━ NOTICE: TomographyModel has been modified to support sharding! ━━━━━━━━━━━ [0m

/scratch/gautschi/ncardel/recon_mem/cone_1792_1792_1792_projection_data.h5 already exists for 1792, 1792, 1792 data

TEST PARAMS:
Transfer pixel batch size: 100

GPU STARTING MEMORY STATS:
GPU 0
  bytes_in_use:        0.000GB
  peak_bytes_in_use:   6.125GB
  bytes_limit:        77.595GB
GPU 1
  bytes_in_use:        0.000GB
  peak_bytes_in_use:   0.000GB
  bytes_limit:        77.595GB
CPU
  bytes_in_use:       44.462GB
  peak_bytes_in_use:  44.516GB
  bytes_limit:       899.376GB

STARTING RECON FIRST PASS:
Starting FDK filtering
