The following modules were not unloaded:
  (Use "module --force purge" to unload all):

  1) xalt/3.1.4

Due to MODULEPATH changes, the following have been reloaded:
  1) proxy     2) xalt/3.1.4

Lmod Warning:
-------------------------------------------------------------------------------
The following dependent module(s) are not currently loaded: cuda/12.6.1
(required by: openmpi/5.0.5)
-------------------------------------------------------------------------------




The following have been reloaded with a version change:
  1) cuda/12.6.1 => cuda/12.9.0


Inactive Modules:
  1) libiconv/1.17-2v5s4pp     2) libxml2/2.10.3-7g6anly

Due to MODULEPATH changes, the following have been reloaded:
  1) cuda/12.9.0

/home/ncardel/.conda/envs/mbirjax/lib/python3.11/site-packages/mbirjax/viewer.py:16: UserWarning: TkAgg not available for matplotlib. slice_viewer menus may not display correctly.
  warnings.warn("TkAgg not available for matplotlib. slice_viewer menus may not display correctly.")
GPU used for: full
Estimated GPU memory required = 112.012 GB, available = 77.595 GB
Estimated CPU memory required = 31.250 GB, available = 125.781 GB
Starting direct recon for initial reconstruction
Initializing error sinogram
Computing Hessian diagonal
Starting VCD iterations
W0414 06:06:54.431490 1474332 bfc_allocator.cc:502] Allocator (GPU_0_bfc) ran out of memory trying to allocate 12.27GiB (rounded to 13176581632)requested by op 
If the cause is memory fragmentation maybe the environment variable 'TF_GPU_ALLOCATOR=cuda_malloc_async' will improve the situation. 
Current allocation summary follows.
Current allocation summary follows.
W0414 06:06:54.431647 1474332 bfc_allocator.cc:513] ***********_***************************______________******************************************__*_*
W0414 06:07:04.441829 1474332 bfc_allocator.cc:502] Allocator (GPU_0_bfc) ran out of memory trying to allocate 6.13GiB (rounded to 6578012160)requested by op 
If the cause is memory fragmentation maybe the environment variable 'TF_GPU_ALLOCATOR=cuda_malloc_async' will improve the situation. 
Current allocation summary follows.
Current allocation summary follows.
W0414 06:07:04.441955 1474332 bfc_allocator.cc:513] ***********_*************************************____******************************************__*_*
W0414 06:07:14.443585 1474332 bfc_allocator.cc:502] Allocator (GPU_0_bfc) ran out of memory trying to allocate 2.61GiB (rounded to 2798387200)requested by op 
If the cause is memory fragmentation maybe the environment variable 'TF_GPU_ALLOCATOR=cuda_malloc_async' will improve the situation. 
Current allocation summary follows.
Current allocation summary follows.
W0414 06:07:14.443730 1474332 bfc_allocator.cc:513] ***********_****************************************_******************************************__*_*
RESOURCE_EXHAUSTED: Out of memory while trying to allocate 2.61GiB.
Insufficient memory for jax (likely insufficient GPU memory)
>>> You may try using ct_model.set_params(use_gpu='sinograms') before calling recon
Traceback (most recent call last):
  File "/home/ncardel/repos/mbirjax/experiments/sharding/recon.py", line 129, in <module>
    recon(num_views, num_det_rows, num_det_channels, output_filepath=output_filepath)
  File "/home/ncardel/repos/mbirjax/experiments/sharding/recon.py", line 87, in recon
    recon, _ = recon_model.recon(sinogram,
               ^^^^^^^^^^^^^^^^^^^^^^^^^^^
  File "/home/ncardel/.conda/envs/mbirjax/lib/python3.11/site-packages/mbirjax/tomography_model.py", line 1265, in recon
    self._handle_jax_error(e)
  File "/home/ncardel/.conda/envs/mbirjax/lib/python3.11/site-packages/mbirjax/tomography_model.py", line 1206, in _handle_jax_error
    raise e
  File "/home/ncardel/.conda/envs/mbirjax/lib/python3.11/site-packages/mbirjax/tomography_model.py", line 1242, in recon
    recon, loss_vectors = self.vcd_recon(sinogram, partitions, partition_sequence, weights=weights,
                          ^^^^^^^^^^^^^^^^^^^^^^^^^^^^^^^^^^^^^^^^^^^^^^^^^^^^^^^^^^^^^^^^^^^^^^^^^
  File "/home/ncardel/.conda/envs/mbirjax/lib/python3.11/site-packages/mbirjax/tomography_model.py", line 1406, in vcd_recon
    flat_recon, error_sinogram, ell1_for_partition, alpha = self.vcd_partition_iterator(vcd_subset_updater,
                                                            ^^^^^^^^^^^^^^^^^^^^^^^^^^^^^^^^^^^^^^^^^^^^^^^
  File "/home/ncardel/.conda/envs/mbirjax/lib/python3.11/site-packages/mbirjax/tomography_model.py", line 1482, in vcd_partition_iterator
    flat_recon, error_sinogram, ell1_for_subset, alpha_for_subset, times, time_names = vcd_subset_updater(flat_recon,
                                                                                       ^^^^^^^^^^^^^^^^^^^^^^^^^^^^^^
  File "/home/ncardel/.conda/envs/mbirjax/lib/python3.11/site-packages/mbirjax/tomography_model.py", line 1604, in vcd_subset_updater
    forward_grad = - fm_constant * sparse_back_project(weighted_error_sinogram, pixel_indices_worker,
                                   ^^^^^^^^^^^^^^^^^^^^^^^^^^^^^^^^^^^^^^^^^^^^^^^^^^^^^^^^^^^^^^^^^^
  File "/home/ncardel/.conda/envs/mbirjax/lib/python3.11/site-packages/mbirjax/tomography_model.py", line 834, in sparse_back_project
    voxel_batch = voxel_batch.block_until_ready()
                  ^^^^^^^^^^^^^^^^^^^^^^^^^^^^^^^
jax.errors.JaxRuntimeError: RESOURCE_EXHAUSTED: Out of memory while trying to allocate 2.61GiB.
