Running: size=128, num_gpus=1, output=/home/ncardel/repos/mbirjax/experiments/sharding/recon_time_128x128x128_1gpu.txt

[93m ━━━━━━━━━━━ NOTICE: TomographyModel has been modified to support sharding! ━━━━━━━━━━━ [0m

/scratch/gautschi/ncardel/recon_mem/cone_128_128_128_projection_data.h5 already exists for 128, 128, 128 data

TEST PARAMS:
Transfer pixel batch size: 204800

GPU STARTING MEMORY STATS:
GPU 0
  bytes_in_use:        0.000GB
  peak_bytes_in_use:   0.023GB
  bytes_limit:        77.595GB
CPU
  bytes_in_use:        0.681GB
  peak_bytes_in_use:   0.956GB
  bytes_limit:       954.698GB

STARTING RECON FIRST PASS:

ELAPSED TIME: 35.231 seconds

GPU FINAL MEMORY STATS:
GPU 0
  bytes_in_use:        0.008GB
  peak_bytes_in_use:   0.601GB
  bytes_limit:        77.595GB
CPU
  bytes_in_use:        1.179GB
  peak_bytes_in_use:   1.473GB
  bytes_limit:       885.858GB
output_filepath: /home/ncardel/repos/mbirjax/experiments/sharding/recon_time_128x128x128_1gpu.txt
