Running: size=128, num_gpus=2, output=/home/ncardel/repos/mbirjax/experiments/sharding/recon_time_128x128x128_2gpu.txt

[93m ━━━━━━━━━━━ NOTICE: TomographyModel has been modified to support sharding! ━━━━━━━━━━━ [0m

/scratch/gautschi/ncardel/recon_mem/cone_128_128_128_projection_data.h5 already exists for 128, 128, 128 data

TEST PARAMS:
Transfer pixel batch size: 316877

GPU STARTING MEMORY STATS:
GPU 0
  bytes_in_use:        0.000GB
  peak_bytes_in_use:   0.023GB
  bytes_limit:        77.595GB
GPU 1
  bytes_in_use:        0.000GB
  peak_bytes_in_use:   0.000GB
  bytes_limit:        77.595GB
CPU
  bytes_in_use:        1.045GB
  peak_bytes_in_use:   1.050GB
  bytes_limit:       460.621GB

STARTING RECON FIRST PASS:
Starting FDK filtering
Starting FDK back projections
Done FDK recon

ELAPSED TIME: 41.160 seconds

GPU FINAL MEMORY STATS:
GPU 0
  bytes_in_use:        0.000GB
  peak_bytes_in_use:   1.543GB
  bytes_limit:        77.595GB
GPU 1
  bytes_in_use:        0.000GB
  peak_bytes_in_use:   1.543GB
  bytes_limit:        77.595GB
CPU
  bytes_in_use:        2.589GB
  peak_bytes_in_use:   2.583GB
  bytes_limit:       454.959GB
output_filepath: /home/ncardel/repos/mbirjax/experiments/sharding/recon_time_128x128x128_2gpu.txt
