Running: size=512, num_gpus=1, output=/home/ncardel/repos/mbirjax/experiments/sharding/recon_time_512x512x512_1gpu.txt

[93m ━━━━━━━━━━━ NOTICE: TomographyModel has been modified to support sharding! ━━━━━━━━━━━ [0m

/scratch/gautschi/ncardel/recon_mem/cone_512_512_512_projection_data.h5 already exists for 512, 512, 512 data

TEST PARAMS:
Transfer pixel batch size: 204800

GPU STARTING MEMORY STATS:
GPU 0
  bytes_in_use:        0.000GB
  peak_bytes_in_use:   0.500GB
  bytes_limit:        77.595GB
CPU
  bytes_in_use:        1.684GB
  peak_bytes_in_use:   2.229GB
  bytes_limit:       927.332GB

STARTING RECON FIRST PASS:

ELAPSED TIME: 101.776 seconds

GPU FINAL MEMORY STATS:
GPU 0
  bytes_in_use:        0.500GB
  peak_bytes_in_use:  11.391GB
  bytes_limit:        77.595GB
CPU
  bytes_in_use:        3.325GB
  peak_bytes_in_use:   3.611GB
  bytes_limit:       853.231GB
output_filepath: /home/ncardel/repos/mbirjax/experiments/sharding/recon_time_512x512x512_1gpu.txt
