The following modules were not unloaded:
  (Use "module --force purge" to unload all):

  1) xalt/3.1.4

Due to MODULEPATH changes, the following have been reloaded:
  1) proxy     2) xalt/3.1.4

Lmod Warning:
-------------------------------------------------------------------------------
The following dependent module(s) are not currently loaded: cuda/12.6.1
(required by: openmpi/5.0.5)
-------------------------------------------------------------------------------




The following have been reloaded with a version change:
  1) cuda/12.6.1 => cuda/12.9.0


Inactive Modules:
  1) libiconv/1.17-2v5s4pp     2) libxml2/2.10.3-7g6anly

Due to MODULEPATH changes, the following have been reloaded:
  1) cuda/12.9.0

/home/ncardel/.conda/envs/mbirjax/lib/python3.11/site-packages/mbirjax/viewer.py:16: UserWarning: TkAgg not available for matplotlib. slice_viewer menus may not display correctly.
  warnings.warn("TkAgg not available for matplotlib. slice_viewer menus may not display correctly.")
/home/ncardel/.conda/envs/mbirjax/lib/python3.11/site-packages/mbirjax/tomography_model.py:339: UserWarning: CPU memory may be insufficient for this problem.  This may lead to a fatal error.
  warnings.warn('CPU memory may be insufficient for this problem.  This may lead to a fatal error.')
GPU used for: projections
Estimated GPU memory required = 57.230 GB, available = 77.595 GB
Estimated CPU memory required = 257.250 GB, available = 125.781 GB
Starting direct recon for initial reconstruction
/var/spool/slurm/job9229819/slurm_script: line 36: 1805241 Killed                  python3 "${SCRIPT_DIR}/recon.py" "$SIZE" "$SIZE" "$SIZE" "$DATA_OUTPUT_FILEPATH"
