Running: size=1536, num_gpus=4, output=/home/ncardel/repos/mbirjax/experiments/sharding/recon_time_1536x1536x1536_4gpu.txt

[93m ━━━━━━━━━━━ NOTICE: TomographyModel has been modified to support sharding! ━━━━━━━━━━━ [0m

/scratch/gautschi/ncardel/recon_mem/cone_1536_1536_1536_projection_data.h5 already exists for 1536, 1536, 1536 data

TEST PARAMS:
Transfer pixel batch size: 2877

GPU STARTING MEMORY STATS:
GPU 0
  bytes_in_use:        0.000GB
  peak_bytes_in_use:   4.500GB
  bytes_limit:        77.595GB
GPU 1
  bytes_in_use:        0.000GB
  peak_bytes_in_use:   0.000GB
  bytes_limit:        77.595GB
GPU 2
  bytes_in_use:        0.000GB
  peak_bytes_in_use:   0.000GB
  bytes_limit:        77.595GB
GPU 3
  bytes_in_use:        0.000GB
  peak_bytes_in_use:   0.000GB
  bytes_limit:        77.595GB
CPU
  bytes_in_use:       28.475GB
  peak_bytes_in_use:  28.478GB
  bytes_limit:       916.048GB

STARTING RECON FIRST PASS:

ELAPSED TIME: 2158.232 seconds

GPU FINAL MEMORY STATS:
GPU 0
  bytes_in_use:        0.000GB
  peak_bytes_in_use:  36.330GB
  bytes_limit:        77.595GB
GPU 1
  bytes_in_use:        0.000GB
  peak_bytes_in_use:  36.322GB
  bytes_limit:        77.595GB
GPU 2
  bytes_in_use:        0.000GB
  peak_bytes_in_use:  36.322GB
  bytes_limit:        77.595GB
GPU 3
  bytes_in_use:        0.000GB
  peak_bytes_in_use:  36.322GB
  bytes_limit:        77.595GB
CPU
  bytes_in_use:       69.641GB
  peak_bytes_in_use:  69.645GB
  bytes_limit:       877.047GB
output_filepath: /home/ncardel/repos/mbirjax/experiments/sharding/recon_time_1536x1536x1536_4gpu.txt
