The following modules were not unloaded:
  (Use "module --force purge" to unload all):

  1) xalt/3.1.4

Due to MODULEPATH changes, the following have been reloaded:
  1) proxy     2) xalt/3.1.4

Lmod Warning:
-------------------------------------------------------------------------------
The following dependent module(s) are not currently loaded: cuda/12.6.1
(required by: openmpi/5.0.5)
-------------------------------------------------------------------------------




The following have been reloaded with a version change:
  1) cuda/12.6.1 => cuda/12.9.0


Inactive Modules:
  1) libiconv/1.17-2v5s4pp     2) libxml2/2.10.3-7g6anly

Due to MODULEPATH changes, the following have been reloaded:
  1) cuda/12.9.0

/home/ncardel/.conda/envs/mbirjax/lib/python3.11/site-packages/mbirjax/viewer.py:16: UserWarning: TkAgg not available for matplotlib. slice_viewer menus may not display correctly.
  warnings.warn("TkAgg not available for matplotlib. slice_viewer menus may not display correctly.")
GPU used for: sharding
Estimated GPU memory required = 58.197 GB, available = 77.595 GB
Estimated CPU memory required = 171.500 GB, available = 251.562 GB
Starting direct recon for initial reconstruction
