Running: size=1536, num_gpus=2, output=/home/ncardel/repos/mbirjax/experiments/sharding/recon_time_1536x1536x1536_2gpu.txt

[93m ━━━━━━━━━━━ NOTICE: TomographyModel has been modified to support sharding! ━━━━━━━━━━━ [0m

/scratch/gautschi/ncardel/recon_mem/cone_1536_1536_1536_projection_data.h5 already exists for 1536, 1536, 1536 data

TEST PARAMS:
Transfer pixel batch size: 671

GPU STARTING MEMORY STATS:
GPU 0
  bytes_in_use:        0.000GB
  peak_bytes_in_use:   4.500GB
  bytes_limit:        77.595GB
GPU 1
  bytes_in_use:        0.000GB
  peak_bytes_in_use:   0.000GB
  bytes_limit:        77.595GB
CPU
  bytes_in_use:       28.539GB
  peak_bytes_in_use:  28.596GB
  bytes_limit:       900.561GB

STARTING RECON FIRST PASS:

ELAPSED TIME: 4039.238 seconds

GPU FINAL MEMORY STATS:
GPU 0
  bytes_in_use:        0.000GB
  peak_bytes_in_use:  54.009GB
  bytes_limit:        77.595GB
GPU 1
  bytes_in_use:        0.000GB
  peak_bytes_in_use:  54.000GB
  bytes_limit:        77.595GB
CPU
  bytes_in_use:       62.350GB
  peak_bytes_in_use:  62.366GB
  bytes_limit:       871.978GB
output_filepath: /home/ncardel/repos/mbirjax/experiments/sharding/recon_time_1536x1536x1536_2gpu.txt
