Running: size=512, num_gpus=2, output=/home/ncardel/repos/mbirjax/experiments/sharding/recon_time_512x512x512_2gpu.txt

[93m ━━━━━━━━━━━ NOTICE: TomographyModel has been modified to support sharding! ━━━━━━━━━━━ [0m

/scratch/gautschi/ncardel/recon_mem/cone_512_512_512_projection_data.h5 already exists for 512, 512, 512 data

TEST PARAMS:
Transfer pixel batch size: 19339

GPU STARTING MEMORY STATS:
GPU 0
  bytes_in_use:        0.000GB
  peak_bytes_in_use:   0.500GB
  bytes_limit:        77.595GB
GPU 1
  bytes_in_use:        0.000GB
  peak_bytes_in_use:   0.000GB
  bytes_limit:        77.595GB
CPU
  bytes_in_use:        2.179GB
  peak_bytes_in_use:   2.185GB
  bytes_limit:       930.436GB

STARTING RECON FIRST PASS:

ELAPSED TIME: 99.655 seconds

GPU FINAL MEMORY STATS:
GPU 0
  bytes_in_use:        0.000GB
  peak_bytes_in_use:  20.840GB
  bytes_limit:        77.595GB
GPU 1
  bytes_in_use:        0.000GB
  peak_bytes_in_use:  20.839GB
  bytes_limit:        77.595GB
CPU
  bytes_in_use:        8.779GB
  peak_bytes_in_use:   8.782GB
  bytes_limit:       924.997GB
output_filepath: /home/ncardel/repos/mbirjax/experiments/sharding/recon_time_512x512x512_2gpu.txt
