Running: size=1024, num_gpus=1, output=/home/ncardel/repos/mbirjax/experiments/sharding/recon_time_1024x1024x1024_1gpu.txt

[93m ━━━━━━━━━━━ NOTICE: TomographyModel has been modified to support sharding! ━━━━━━━━━━━ [0m

/scratch/gautschi/ncardel/recon_mem/cone_1024_1024_1024_projection_data.h5 already exists for 1024, 1024, 1024 data

TEST PARAMS:
Transfer pixel batch size: 204800

GPU STARTING MEMORY STATS:
GPU 0
  bytes_in_use:        0.000GB
  peak_bytes_in_use:   2.000GB
  bytes_limit:        77.595GB
CPU
  bytes_in_use:        9.509GB
  peak_bytes_in_use:   9.513GB
  bytes_limit:       920.311GB

STARTING RECON FIRST PASS:

ELAPSED TIME: 1079.138 seconds

GPU FINAL MEMORY STATS:
GPU 0
  bytes_in_use:        4.000GB
  peak_bytes_in_use:  59.306GB
  bytes_limit:        77.595GB
CPU
  bytes_in_use:       12.099GB
  peak_bytes_in_use:  12.101GB
  bytes_limit:       914.664GB
output_filepath: /home/ncardel/repos/mbirjax/experiments/sharding/recon_time_1024x1024x1024_1gpu.txt
