The following modules were not unloaded:
  (Use "module --force purge" to unload all):

  1) xalt/3.1.4

Due to MODULEPATH changes, the following have been reloaded:
  1) proxy     2) xalt/3.1.4

Lmod Warning:
-------------------------------------------------------------------------------
The following dependent module(s) are not currently loaded: cuda/12.6.1
(required by: openmpi/5.0.5)
-------------------------------------------------------------------------------




The following have been reloaded with a version change:
  1) cuda/12.6.1 => cuda/12.9.0


Inactive Modules:
  1) libiconv/1.17-2v5s4pp     2) libxml2/2.10.3-7g6anly

Due to MODULEPATH changes, the following have been reloaded:
  1) cuda/12.9.0

/home/ncardel/.conda/envs/mbirjax/lib/python3.11/site-packages/mbirjax/viewer.py:16: UserWarning: TkAgg not available for matplotlib. slice_viewer menus may not display correctly.
  warnings.warn("TkAgg not available for matplotlib. slice_viewer menus may not display correctly.")
GPU used for: full
Estimated GPU memory required = 0.570 GB, available = 77.595 GB
Estimated CPU memory required = 0.031 GB, available = 125.781 GB
Starting direct recon for initial reconstruction
Initializing error sinogram
Computing Hessian diagonal
Starting VCD iterations

After iteration 0 of a max of 15: Pct change=2.2775, Forward loss=0.7587
Relative step size (alpha)=0.02, Error sino RMSE=0.3995
Number subsets = 1

After iteration 1 of a max of 15: Pct change=3.7001, Forward loss=0.6367
Relative step size (alpha)=0.07, Error sino RMSE=0.3372
Number subsets = 4

After iteration 2 of a max of 15: Pct change=7.2669, Forward loss=0.4508
Relative step size (alpha)=0.29, Error sino RMSE=0.2399
Number subsets = 16
