Running: size=1280, num_gpus=2, output=/home/ncardel/repos/mbirjax/experiments/sharding/recon_time_1280x1280x1280_2gpu.txt

[93m ━━━━━━━━━━━ NOTICE: TomographyModel has been modified to support sharding! ━━━━━━━━━━━ [0m

/scratch/gautschi/ncardel/recon_mem/cone_1280_1280_1280_projection_data.h5 already exists for 1280, 1280, 1280 data

TEST PARAMS:
Transfer pixel batch size: 1897

GPU STARTING MEMORY STATS:
GPU 0
  bytes_in_use:        0.000GB
  peak_bytes_in_use:   3.125GB
  bytes_limit:        77.595GB
GPU 1
  bytes_in_use:        0.000GB
  peak_bytes_in_use:   0.000GB
  bytes_limit:        77.595GB
CPU
  bytes_in_use:       18.006GB
  peak_bytes_in_use:  18.057GB
  bytes_limit:       900.569GB

STARTING RECON FIRST PASS:

ELAPSED TIME: 1776.035 seconds

GPU FINAL MEMORY STATS:
GPU 0
  bytes_in_use:        0.000GB
  peak_bytes_in_use:  39.072GB
  bytes_limit:        77.595GB
GPU 1
  bytes_in_use:        0.000GB
  peak_bytes_in_use:  39.277GB
  bytes_limit:        77.595GB
CPU
  bytes_in_use:       41.055GB
  peak_bytes_in_use:  41.057GB
  bytes_limit:       877.450GB
output_filepath: /home/ncardel/repos/mbirjax/experiments/sharding/recon_time_1280x1280x1280_2gpu.txt
