The following modules were not unloaded:
  (Use "module --force purge" to unload all):

  1) xalt/3.1.4

Due to MODULEPATH changes, the following have been reloaded:
  1) proxy     2) xalt/3.1.4

Lmod Warning:
-------------------------------------------------------------------------------
The following dependent module(s) are not currently loaded: cuda/12.6.1
(required by: openmpi/5.0.5)
-------------------------------------------------------------------------------




The following have been reloaded with a version change:
  1) cuda/12.6.1 => cuda/12.9.0


Inactive Modules:
  1) libiconv/1.17-2v5s4pp     2) libxml2/2.10.3-7g6anly

Due to MODULEPATH changes, the following have been reloaded:
  1) cuda/12.9.0

/home/ncardel/.conda/envs/mbirjax/lib/python3.11/site-packages/mbirjax/viewer.py:16: UserWarning: TkAgg not available for matplotlib. slice_viewer menus may not display correctly.
  warnings.warn("TkAgg not available for matplotlib. slice_viewer menus may not display correctly.")
GPU used for: sharding
Estimated GPU memory required = 58.197 GB, available = 77.595 GB
Estimated CPU memory required = 62.500 GB, available = 125.781 GB
Starting direct recon for initial reconstruction
Initializing error sinogram
Computing Hessian diagonal
Starting VCD iterations

After iteration 0 of a max of 15: Pct change=2.0336, Forward loss=0.2716
Relative step size (alpha)=0.01, Error sino RMSE=1.3884
Number subsets = 1

After iteration 1 of a max of 15: Pct change=1.9692, Forward loss=0.1229
Relative step size (alpha)=0.04, Error sino RMSE=0.6280
Number subsets = 4

After iteration 2 of a max of 15: Pct change=1.7723, Forward loss=0.0765
Relative step size (alpha)=0.19, Error sino RMSE=0.4015
Number subsets = 16

After iteration 3 of a max of 15: Pct change=2.8997, Forward loss=0.0596
Relative step size (alpha)=0.78, Error sino RMSE=0.3204
Number subsets = 64

After iteration 4 of a max of 15: Pct change=2.5235, Forward loss=0.0490
Relative step size (alpha)=1.49, Error sino RMSE=0.2681
Number subsets = 128

After iteration 5 of a max of 15: Pct change=0.7700, Forward loss=0.0453
Relative step size (alpha)=1.49, Error sino RMSE=0.2487
Number subsets = 128

After iteration 6 of a max of 15: Pct change=0.3919, Forward loss=0.0441
Relative step size (alpha)=1.36, Error sino RMSE=0.2424
Number subsets = 128

After iteration 7 of a max of 15: Pct change=0.2392, Forward loss=0.0433
Relative step size (alpha)=1.21, Error sino RMSE=0.2383
Number subsets = 128

After iteration 8 of a max of 15: Pct change=0.1639, Forward loss=0.0429
Relative step size (alpha)=1.20, Error sino RMSE=0.2360
Number subsets = 128

After iteration 9 of a max of 15: Pct change=0.1214, Forward loss=0.0426
Relative step size (alpha)=1.12, Error sino RMSE=0.2345
Number subsets = 128

After iteration 10 of a max of 15: Pct change=0.0983, Forward loss=0.0424
Relative step size (alpha)=1.14, Error sino RMSE=0.2334
Number subsets = 128

After iteration 11 of a max of 15: Pct change=0.0805, Forward loss=0.0422
Relative step size (alpha)=1.15, Error sino RMSE=0.2326
Number subsets = 128

After iteration 12 of a max of 15: Pct change=0.0704, Forward loss=0.0421
Relative step size (alpha)=1.15, Error sino RMSE=0.2321
Number subsets = 128

After iteration 13 of a max of 15: Pct change=0.0626, Forward loss=0.0420
Relative step size (alpha)=1.18, Error sino RMSE=0.2316
Number subsets = 128

After iteration 14 of a max of 15: Pct change=0.0589, Forward loss=0.0420
Relative step size (alpha)=1.19, Error sino RMSE=0.2313
Number subsets = 128
Logs written to /home/ncardel/repos/mbirjax/experiments/sharding/logs/recon.log
