Running: size=1024, num_gpus=2, output=/home/ncardel/repos/mbirjax/experiments/sharding/recon_time_1024x1024x1024_2gpu.txt

[93m ━━━━━━━━━━━ NOTICE: TomographyModel has been modified to support sharding! ━━━━━━━━━━━ [0m

/scratch/gautschi/ncardel/recon_mem/cone_1024_1024_1024_projection_data.h5 already exists for 1024, 1024, 1024 data

TEST PARAMS:
Transfer pixel batch size: 3940

GPU STARTING MEMORY STATS:
GPU 0
  bytes_in_use:        0.000GB
  peak_bytes_in_use:   2.000GB
  bytes_limit:        77.595GB
GPU 1
  bytes_in_use:        0.000GB
  peak_bytes_in_use:   0.000GB
  bytes_limit:        77.595GB
CPU
  bytes_in_use:        9.613GB
  peak_bytes_in_use:   9.619GB
  bytes_limit:       933.908GB

STARTING RECON FIRST PASS:

ELAPSED TIME: 722.498 seconds

GPU FINAL MEMORY STATS:
GPU 0
  bytes_in_use:        0.000GB
  peak_bytes_in_use:  29.478GB
  bytes_limit:        77.595GB
GPU 1
  bytes_in_use:        0.000GB
  peak_bytes_in_use:  29.594GB
  bytes_limit:        77.595GB
CPU
  bytes_in_use:       24.291GB
  peak_bytes_in_use:  24.295GB
  bytes_limit:       917.115GB
output_filepath: /home/ncardel/repos/mbirjax/experiments/sharding/recon_time_1024x1024x1024_2gpu.txt
