The following modules were not unloaded:
  (Use "module --force purge" to unload all):

  1) xalt/3.1.4

Due to MODULEPATH changes, the following have been reloaded:
  1) proxy     2) xalt/3.1.4

Lmod Warning:
-------------------------------------------------------------------------------
The following dependent module(s) are not currently loaded: cuda/12.6.1
(required by: openmpi/5.0.5)
-------------------------------------------------------------------------------




The following have been reloaded with a version change:
  1) cuda/12.6.1 => cuda/12.9.0


Inactive Modules:
  1) libiconv/1.17-2v5s4pp     2) libxml2/2.10.3-7g6anly

Due to MODULEPATH changes, the following have been reloaded:
  1) cuda/12.9.0

/home/ncardel/repos/mbirjax/mbirjax/viewer.py:16: UserWarning: TkAgg not available for matplotlib. slice_viewer menus may not display correctly.
  warnings.warn("TkAgg not available for matplotlib. slice_viewer menus may not display correctly.")
GPU used for: sharding
Estimated GPU memory required = 58.197 GB, available = 77.595 GB
Estimated CPU memory required = 32.000 GB, available = 251.562 GB
Starting direct recon for initial reconstruction
Initializing error sinogram
Computing Hessian diagonal
Starting VCD iterations

After iteration 0 of a max of 15: Pct change=2.0334, Forward loss=0.2782
Relative step size (alpha)=0.01, Error sino RMSE=1.1337
Number subsets = 1

After iteration 1 of a max of 15: Pct change=1.9749, Forward loss=0.1330
Relative step size (alpha)=0.04, Error sino RMSE=0.5439
Number subsets = 4

After iteration 2 of a max of 15: Pct change=1.8439, Forward loss=0.0886
Relative step size (alpha)=0.19, Error sino RMSE=0.3724
Number subsets = 16

After iteration 3 of a max of 15: Pct change=3.1750, Forward loss=0.0684
Relative step size (alpha)=0.79, Error sino RMSE=0.2938
Number subsets = 64

After iteration 4 of a max of 15: Pct change=2.7978, Forward loss=0.0547
Relative step size (alpha)=1.49, Error sino RMSE=0.2390
Number subsets = 128

After iteration 5 of a max of 15: Pct change=0.8656, Forward loss=0.0500
Relative step size (alpha)=1.48, Error sino RMSE=0.2188
Number subsets = 128

After iteration 6 of a max of 15: Pct change=0.4286, Forward loss=0.0484
Relative step size (alpha)=1.32, Error sino RMSE=0.2123
Number subsets = 128

After iteration 7 of a max of 15: Pct change=0.2578, Forward loss=0.0475
Relative step size (alpha)=1.18, Error sino RMSE=0.2083
Number subsets = 128

After iteration 8 of a max of 15: Pct change=0.1737, Forward loss=0.0469
Relative step size (alpha)=1.14, Error sino RMSE=0.2060
Number subsets = 128

After iteration 9 of a max of 15: Pct change=0.1261, Forward loss=0.0466
Relative step size (alpha)=1.09, Error sino RMSE=0.2045
Number subsets = 128

After iteration 10 of a max of 15: Pct change=0.1015, Forward loss=0.0463
Relative step size (alpha)=1.12, Error sino RMSE=0.2034
Number subsets = 128

After iteration 11 of a max of 15: Pct change=0.0846, Forward loss=0.0462
Relative step size (alpha)=1.14, Error sino RMSE=0.2026
Number subsets = 128

After iteration 12 of a max of 15: Pct change=0.0709, Forward loss=0.0460
Relative step size (alpha)=1.15, Error sino RMSE=0.2021
Number subsets = 128

After iteration 13 of a max of 15: Pct change=0.0633, Forward loss=0.0460
Relative step size (alpha)=1.16, Error sino RMSE=0.2017
Number subsets = 128

After iteration 14 of a max of 15: Pct change=0.0576, Forward loss=0.0459
Relative step size (alpha)=1.18, Error sino RMSE=0.2014
Number subsets = 128
Logs written to /home/ncardel/repos/mbirjax/experiments/sharding/logs/recon.log
