The following modules were not unloaded:
  (Use "module --force purge" to unload all):

  1) xalt/3.1.4

Due to MODULEPATH changes, the following have been reloaded:
  1) proxy     2) xalt/3.1.4

Lmod Warning:
-------------------------------------------------------------------------------
The following dependent module(s) are not currently loaded: cuda/12.6.1
(required by: openmpi/5.0.5)
-------------------------------------------------------------------------------




The following have been reloaded with a version change:
  1) cuda/12.6.1 => cuda/12.9.0


Inactive Modules:
  1) libiconv/1.17-2v5s4pp     2) libxml2/2.10.3-7g6anly

Due to MODULEPATH changes, the following have been reloaded:
  1) cuda/12.9.0

/home/ncardel/repos/mbirjax/mbirjax/viewer.py:16: UserWarning: TkAgg not available for matplotlib. slice_viewer menus may not display correctly.
  warnings.warn("TkAgg not available for matplotlib. slice_viewer menus may not display correctly.")
GPU used for: sharding
Estimated GPU memory required = 58.197 GB, available = 77.595 GB
Estimated CPU memory required = 108.000 GB, available = 503.125 GB
Starting direct recon for initial reconstruction
Initializing error sinogram
Computing Hessian diagonal
Starting VCD iterations

After iteration 0 of a max of 15: Pct change=2.0333, Forward loss=0.2696
Relative step size (alpha)=0.01, Error sino RMSE=1.6466
Number subsets = 1

After iteration 1 of a max of 15: Pct change=1.9660, Forward loss=0.1178
Relative step size (alpha)=0.04, Error sino RMSE=0.7164
Number subsets = 4

After iteration 2 of a max of 15: Pct change=1.7304, Forward loss=0.0689
Relative step size (alpha)=0.19, Error sino RMSE=0.4305
Number subsets = 16

After iteration 3 of a max of 15: Pct change=2.7192, Forward loss=0.0536
Relative step size (alpha)=0.78, Error sino RMSE=0.3429
Number subsets = 64

After iteration 4 of a max of 15: Pct change=2.3414, Forward loss=0.0448
Relative step size (alpha)=1.49, Error sino RMSE=0.2925
Number subsets = 128

After iteration 5 of a max of 15: Pct change=0.7204, Forward loss=0.0418
Relative step size (alpha)=1.49, Error sino RMSE=0.2739
Number subsets = 128

After iteration 6 of a max of 15: Pct change=0.3637, Forward loss=0.0408
Relative step size (alpha)=1.38, Error sino RMSE=0.2680
Number subsets = 128

After iteration 7 of a max of 15: Pct change=0.2231, Forward loss=0.0402
Relative step size (alpha)=1.21, Error sino RMSE=0.2642
Number subsets = 128

After iteration 8 of a max of 15: Pct change=0.1563, Forward loss=0.0398
Relative step size (alpha)=1.19, Error sino RMSE=0.2621
Number subsets = 128

After iteration 9 of a max of 15: Pct change=0.1178, Forward loss=0.0396
Relative step size (alpha)=1.23, Error sino RMSE=0.2604
Number subsets = 128

After iteration 10 of a max of 15: Pct change=0.0927, Forward loss=0.0394
Relative step size (alpha)=1.12, Error sino RMSE=0.2594
Number subsets = 128

After iteration 11 of a max of 15: Pct change=0.0773, Forward loss=0.0393
Relative step size (alpha)=1.18, Error sino RMSE=0.2586
Number subsets = 128

After iteration 12 of a max of 15: Pct change=0.0668, Forward loss=0.0392
Relative step size (alpha)=1.18, Error sino RMSE=0.2581
Number subsets = 128

After iteration 13 of a max of 15: Pct change=0.0596, Forward loss=0.0391
Relative step size (alpha)=1.19, Error sino RMSE=0.2576
Number subsets = 128

After iteration 14 of a max of 15: Pct change=0.0530, Forward loss=0.0391
Relative step size (alpha)=1.19, Error sino RMSE=0.2573
Number subsets = 128
Logs written to /home/ncardel/repos/mbirjax/experiments/sharding/logs/recon.log
