The following modules were not unloaded:
  (Use "module --force purge" to unload all):

  1) xalt/3.1.4

Due to MODULEPATH changes, the following have been reloaded:
  1) proxy     2) xalt/3.1.4

Lmod Warning:
-------------------------------------------------------------------------------
The following dependent module(s) are not currently loaded: cuda/12.6.1
(required by: openmpi/5.0.5)
-------------------------------------------------------------------------------




The following have been reloaded with a version change:
  1) cuda/12.6.1 => cuda/12.9.0


Inactive Modules:
  1) libiconv/1.17-2v5s4pp     2) libxml2/2.10.3-7g6anly

Due to MODULEPATH changes, the following have been reloaded:
  1) cuda/12.9.0

/home/ncardel/repos/mbirjax/mbirjax/viewer.py:16: UserWarning: TkAgg not available for matplotlib. slice_viewer menus may not display correctly.
  warnings.warn("TkAgg not available for matplotlib. slice_viewer menus may not display correctly.")
GPU used for: sharding
Estimated GPU memory required = 58.197 GB, available = 77.595 GB
Estimated CPU memory required = 32.000 GB, available = 503.125 GB
Starting direct recon for initial reconstruction
Initializing error sinogram
Computing Hessian diagonal
Starting VCD iterations

After iteration 0 of a max of 15: Pct change=2.0334, Forward loss=0.2782
Relative step size (alpha)=0.01, Error sino RMSE=1.1337
Number subsets = 1

After iteration 1 of a max of 15: Pct change=1.9753, Forward loss=0.1330
Relative step size (alpha)=0.04, Error sino RMSE=0.5440
Number subsets = 4

After iteration 2 of a max of 15: Pct change=1.8441, Forward loss=0.0886
Relative step size (alpha)=0.19, Error sino RMSE=0.3725
Number subsets = 16

After iteration 3 of a max of 15: Pct change=3.1774, Forward loss=0.0684
Relative step size (alpha)=0.79, Error sino RMSE=0.2938
Number subsets = 64

After iteration 4 of a max of 15: Pct change=2.7976, Forward loss=0.0547
Relative step size (alpha)=1.49, Error sino RMSE=0.2389
Number subsets = 128

After iteration 5 of a max of 15: Pct change=0.8585, Forward loss=0.0500
Relative step size (alpha)=1.46, Error sino RMSE=0.2191
Number subsets = 128

After iteration 6 of a max of 15: Pct change=0.4224, Forward loss=0.0485
Relative step size (alpha)=1.26, Error sino RMSE=0.2128
Number subsets = 128

After iteration 7 of a max of 15: Pct change=0.2554, Forward loss=0.0475
Relative step size (alpha)=1.19, Error sino RMSE=0.2085
Number subsets = 128

After iteration 8 of a max of 15: Pct change=0.1697, Forward loss=0.0470
Relative step size (alpha)=1.11, Error sino RMSE=0.2063
Number subsets = 128

After iteration 9 of a max of 15: Pct change=0.1282, Forward loss=0.0466
Relative step size (alpha)=1.12, Error sino RMSE=0.2046
Number subsets = 128

After iteration 10 of a max of 15: Pct change=0.1025, Forward loss=0.0464
Relative step size (alpha)=1.14, Error sino RMSE=0.2035
Number subsets = 128

After iteration 11 of a max of 15: Pct change=0.0838, Forward loss=0.0462
Relative step size (alpha)=1.13, Error sino RMSE=0.2027
Number subsets = 128

After iteration 12 of a max of 15: Pct change=0.0721, Forward loss=0.0461
Relative step size (alpha)=1.13, Error sino RMSE=0.2022
Number subsets = 128

After iteration 13 of a max of 15: Pct change=0.0644, Forward loss=0.0460
Relative step size (alpha)=1.15, Error sino RMSE=0.2018
Number subsets = 128

After iteration 14 of a max of 15: Pct change=0.0564, Forward loss=0.0459
Relative step size (alpha)=1.16, Error sino RMSE=0.2015
Number subsets = 128
Logs written to /home/ncardel/repos/mbirjax/experiments/sharding/logs/recon.log
