Running: size=1536, num_gpus=4, output=/home/ncardel/repos/mbirjax/experiments/sharding/recon_time_1536x1536x1536_4gpu.txt

[93m ━━━━━━━━━━━ NOTICE: TomographyModel has been modified to support sharding! ━━━━━━━━━━━ [0m

/scratch/gautschi/ncardel/recon_mem/cone_1536_1536_1536_projection_data.h5 already exists for 1536, 1536, 1536 data

TEST PARAMS:
Transfer pixel batch size: 2877

GPU STARTING MEMORY STATS:
GPU 0
  bytes_in_use:        0.000GB
  peak_bytes_in_use:   4.500GB
  bytes_limit:        77.595GB
GPU 1
  bytes_in_use:        0.000GB
  peak_bytes_in_use:   0.000GB
  bytes_limit:        77.595GB
GPU 2
  bytes_in_use:        0.000GB
  peak_bytes_in_use:   0.000GB
  bytes_limit:        77.595GB
GPU 3
  bytes_in_use:        0.000GB
  peak_bytes_in_use:   0.000GB
  bytes_limit:        77.595GB
CPU
  bytes_in_use:       28.723GB
  peak_bytes_in_use:  28.768GB
  bytes_limit:       891.290GB

STARTING RECON FIRST PASS:
Starting FDK filtering
Starting FDK back projections
Done FDK recon

ELAPSED TIME: 2237.607 seconds

GPU FINAL MEMORY STATS:
GPU 0
  bytes_in_use:        0.000GB
  peak_bytes_in_use:  57.419GB
  bytes_limit:        77.595GB
GPU 1
  bytes_in_use:        0.000GB
  peak_bytes_in_use:  57.384GB
  bytes_limit:        77.595GB
GPU 2
  bytes_in_use:        0.000GB
  peak_bytes_in_use:  57.384GB
  bytes_limit:        77.595GB
GPU 3
  bytes_in_use:        0.000GB
  peak_bytes_in_use:  57.384GB
  bytes_limit:        77.595GB
CPU
  bytes_in_use:       68.794GB
  peak_bytes_in_use:  68.796GB
  bytes_limit:       816.735GB
output_filepath: /home/ncardel/repos/mbirjax/experiments/sharding/recon_time_1536x1536x1536_4gpu.txt
