The following modules were not unloaded:
  (Use "module --force purge" to unload all):

  1) xalt/3.1.4

Due to MODULEPATH changes, the following have been reloaded:
  1) proxy     2) xalt/3.1.4

Lmod Warning:
-------------------------------------------------------------------------------
The following dependent module(s) are not currently loaded: cuda/12.6.1
(required by: openmpi/5.0.5)
-------------------------------------------------------------------------------




The following have been reloaded with a version change:
  1) cuda/12.6.1 => cuda/12.9.0


Inactive Modules:
  1) libiconv/1.17-2v5s4pp     2) libxml2/2.10.3-7g6anly

Due to MODULEPATH changes, the following have been reloaded:
  1) cuda/12.9.0

/home/ncardel/repos/mbirjax/mbirjax/viewer.py:16: UserWarning: TkAgg not available for matplotlib. slice_viewer menus may not display correctly.
  warnings.warn("TkAgg not available for matplotlib. slice_viewer menus may not display correctly.")
Traceback (most recent call last):
  File "/home/ncardel/repos/mbirjax/experiments/sharding/recon.py", line 129, in <module>
    recon(num_views, num_det_rows, num_det_channels, output_filepath=output_filepath)
  File "/home/ncardel/repos/mbirjax/experiments/sharding/recon.py", line 68, in recon
    recon_model = mj.ConeBeamModel.from_file(params)
                  ^^^^^^^^^^^^^^^^^^^^^^^^^^^^^^^^^^
  File "/home/ncardel/repos/mbirjax/mbirjax/tomography_model.py", line 375, in from_file
    new_model = cls(**required_params)
                ^^^^^^^^^^^^^^^^^^^^^^
  File "/home/ncardel/repos/mbirjax/mbirjax/cone_beam.py", line 59, in __init__
    super().__init__(sinogram_shape, angles=angles, source_detector_dist=source_detector_dist,
  File "/home/ncardel/repos/mbirjax/mbirjax/tomography_model.py", line 84, in __init__
    self.set_devices_and_batch_sizes()
  File "/home/ncardel/repos/mbirjax/mbirjax/tomography_model.py", line 264, in set_devices_and_batch_sizes
    raise RuntimeError(
RuntimeError: Sharding has been invoked because use_gpu='automatic' and multiple GPUs are detected, but there is not enough memory for reconstruction with sharding. Either downsample the sinogram or disable sharding. To disable sharding, use ct_model.set_params(use_gpu='sinograms').
