Running: size=512, num_gpus=2, output=/home/ncardel/repos/mbirjax/experiments/sharding/recon_time_512x512x512_2gpu.txt

[93m ━━━━━━━━━━━ NOTICE: TomographyModel has been modified to support sharding! ━━━━━━━━━━━ [0m

/scratch/gautschi/ncardel/recon_mem/cone_512_512_512_projection_data.h5 already exists for 512, 512, 512 data

TEST PARAMS:
Transfer pixel batch size: 19339

GPU STARTING MEMORY STATS:
GPU 0
  bytes_in_use:        0.000GB
  peak_bytes_in_use:   0.500GB
  bytes_limit:        77.595GB
GPU 1
  bytes_in_use:        0.000GB
  peak_bytes_in_use:   0.000GB
  bytes_limit:        77.595GB
CPU
  bytes_in_use:        2.305GB
  peak_bytes_in_use:   2.359GB
  bytes_limit:       443.976GB

STARTING RECON FIRST PASS:
Starting FDK filtering
Starting FDK back projections
Done FDK recon

ELAPSED TIME: 107.961 seconds

GPU FINAL MEMORY STATS:
GPU 0
  bytes_in_use:        0.000GB
  peak_bytes_in_use:  20.840GB
  bytes_limit:        77.595GB
GPU 1
  bytes_in_use:        0.000GB
  peak_bytes_in_use:  20.839GB
  bytes_limit:        77.595GB
CPU
  bytes_in_use:       10.022GB
  peak_bytes_in_use:  10.018GB
  bytes_limit:       452.328GB
output_filepath: /home/ncardel/repos/mbirjax/experiments/sharding/recon_time_512x512x512_2gpu.txt
